oracle ground truth (500000 years): true capital @ 99.5% = $10,200,242

n_years=  60  mean true-systemic in sample=3.0 (expected 4.0)  mean fitted p_hat=0.051
    1_independence           achieved_survival=0.9329 (+/-0.0000)  capital_gap=$    -9,299,988
    2_flat_correlation       achieved_survival=0.9345 (+/-0.0020)  capital_gap=$    -8,071,512
    3_vanilla_gp             achieved_survival=0.9330 (+/-0.0001)  capital_gap=$    -8,707,406
    4_gp_regime_mixture      achieved_survival=0.9891 (+/-0.0068)  capital_gap=$    -1,471,100

n_years= 120  mean true-systemic in sample=5.7 (expected 8.0)  mean fitted p_hat=0.047
    1_independence           achieved_survival=0.9329 (+/-0.0000)  capital_gap=$    -9,292,700
    2_flat_correlation       achieved_survival=0.9340 (+/-0.0009)  capital_gap=$    -8,031,178
    3_vanilla_gp             achieved_survival=0.9330 (+/-0.0000)  capital_gap=$    -8,701,845
    4_gp_regime_mixture      achieved_survival=0.9947 (+/-0.0024)  capital_gap=$       259,004

n_years= 250  mean true-systemic in sample=15.7 (expected 16.7)  mean fitted p_hat=0.063
    1_independence           achieved_survival=0.9329 (+/-0.0000)  capital_gap=$    -9,269,875
    2_flat_correlation       achieved_survival=0.9344 (+/-0.0007)  capital_gap=$    -7,813,666
    3_vanilla_gp             achieved_survival=0.9330 (+/-0.0000)  capital_gap=$    -8,672,471
    4_gp_regime_mixture      achieved_survival=0.9903 (+/-0.0021)  capital_gap=$    -1,533,654

n_years= 500  mean true-systemic in sample=32.3 (expected 33.3)  mean fitted p_hat=0.065
    1_independence           achieved_survival=0.9329 (+/-0.0000)  capital_gap=$    -9,253,601
    2_flat_correlation       achieved_survival=0.9348 (+/-0.0008)  capital_gap=$    -7,721,987
    3_vanilla_gp             achieved_survival=0.9330 (+/-0.0000)  capital_gap=$    -8,625,314
    4_gp_regime_mixture      achieved_survival=0.9925 (+/-0.0025)  capital_gap=$      -841,294

wrote results_phase1_soft_sweep.json
