
=== footprint_frac=1.0 ===
  radius=3.478 deg  oracle true capital=$10,273,977
  n_years=  60  mean classifier separation=1.000
      1_independence achieved_survival=0.9329  capital_gap=$    -9,298,305
      2_flat_correlation achieved_survival=0.9397  capital_gap=$    -7,728,038
      3_vanilla_gp   achieved_survival=0.9333  capital_gap=$    -8,709,000
      4_hard         achieved_survival=0.9509  capital_gap=$    -6,497,929
      4_soft         achieved_survival=0.9882  capital_gap=$     5,081,183
  n_years= 500  mean classifier separation=1.000
      1_independence achieved_survival=0.9329  capital_gap=$    -9,282,133
      2_flat_correlation achieved_survival=0.9364  capital_gap=$    -7,471,322
      3_vanilla_gp   achieved_survival=0.9330  capital_gap=$    -8,581,734
      4_hard         achieved_survival=0.9777  capital_gap=$    -3,736,788
      4_soft         achieved_survival=0.9958  capital_gap=$       484,719

=== footprint_frac=0.2 ===
  radius=0.692 deg  oracle true capital=$3,345,427
  n_years=  60  mean classifier separation=0.950
      1_independence achieved_survival=0.9355  capital_gap=$    -2,569,334
      2_flat_correlation achieved_survival=0.9402  capital_gap=$    -2,471,197
      3_vanilla_gp   achieved_survival=0.9409  capital_gap=$    -2,455,254
      4_hard         achieved_survival=0.9501  capital_gap=$    -2,245,011
      4_soft         achieved_survival=0.9785  capital_gap=$       168,181
  n_years= 500  mean classifier separation=0.979
      1_independence achieved_survival=0.9350  capital_gap=$    -2,579,307
      2_flat_correlation achieved_survival=0.9422  capital_gap=$    -2,424,075
      3_vanilla_gp   achieved_survival=0.9414  capital_gap=$    -2,437,515
      4_hard         achieved_survival=0.9754  capital_gap=$        50,076
      4_soft         achieved_survival=0.9717  capital_gap=$    -1,741,773

=== footprint_frac=0.05 ===
  radius=0.323 deg  oracle true capital=$1,432,815
  n_years=  60  mean classifier separation=0.765
      1_independence achieved_survival=0.9482  capital_gap=$      -689,601
      2_flat_correlation achieved_survival=0.9507  capital_gap=$      -679,279
      3_vanilla_gp   achieved_survival=0.9495  capital_gap=$      -682,807
      4_hard         achieved_survival=0.9604  capital_gap=$      -593,562
      4_soft         achieved_survival=0.9817  capital_gap=$      -310,422
  n_years= 500  mean classifier separation=0.783
      1_independence achieved_survival=0.9457  capital_gap=$      -700,807
      2_flat_correlation achieved_survival=0.9492  capital_gap=$      -685,820
      3_vanilla_gp   achieved_survival=0.9510  capital_gap=$      -679,034
      4_hard         achieved_survival=0.9709  capital_gap=$      -558,765
      4_soft         achieved_survival=0.9776  capital_gap=$      -485,553

wrote results_phase1_localized.json
